env: load .env
env: export GOOGLE_MAPS_API_KEY
Starting project at C:\Users\eduar\Desktop\Madeira\app
Logs: C:\Users\eduar\Desktop\Madeira\app\.expo\dev\logs\start.log
Starting Metro Bundler

warning: Bundler cache is empty, rebuilding (this may take a minute)
Waiting on http://localhost:8081

Logs for your project will appear below.
Android Bundled 9177ms index.ts (1017 modules)
Android Bundled 484ms src\onboarding\permissionPolicy.ts (1 module)
Android Bundled 333ms src\storage\dao\tripDao.ts (738 modules)
Android Bundled 38ms index.ts (1 module)
Android Bundled 3ms src\onboarding\permissionPolicy.ts (1 module)
Android Bundled 26ms src\storage\dao\tripDao.ts (1 module)
Android Bundled 42ms index.ts (1 module)
Android Bundled 2ms src\onboarding\permissionPolicy.ts (1 module)
Android Bundled 34ms src\storage\dao\tripDao.ts (1 module)
 ERROR  [TypeError: Cannot read property 'color' of undefined]
Android Bundled 43ms index.ts (1 module)
Android Bundled 3ms src\onboarding\permissionPolicy.ts (1 module)
Android Bundled 26ms src\storage\dao\tripDao.ts (1 module)
 ERROR  SyntaxError: C:\Users\eduar\Desktop\Madeira\app\src\map\NativeMapScreen.tsx: Identifier 'px' has already been declared. (149:9)

  147 |  * a hairline, which is exactly how the first build looked.
  148 |  */
> 149 | function px(points: number): number {
      |          ^
  150 |   return points * PixelRatio.get();
  151 | }
  152 |
    at constructor (C:\Users\eduar\Desktop\Madeira\app\node_modules\@babel\parser\lib\index.js:369:19)
    at TypeScriptParserMixin.raise (C:\Users\eduar\Desktop\Madeira\app\node_modules\@babel\parser\lib\index.js:6620:19)
    at TypeScriptScopeHandler.checkRedeclarationInScope (C:\Users\eduar\Desktop\Madeira\app\node_modules\@babel\parser\lib\index.js:1623:19)
    at TypeScriptScopeHandler.declareName (C:\Users\eduar\Desktop\Madeira\app\node_modules\@babel\parser\lib\index.js:1589:12)
    at TypeScriptScopeHandler.declareName (C:\Users\eduar\Desktop\Madeira\app\node_modules\@babel\parser\lib\index.js:4896:11)
    at TypeScriptParserMixin.registerFunctionStatementId (C:\Users\eduar\Desktop\Madeira\app\node_modules\@babel\parser\lib\index.js:13495:16)
    at TypeScriptParserMixin.registerFunctionStatementId (C:\Users\eduar\Desktop\Madeira\app\node_modules\@babel\parser\lib\index.js:9199:13)
    at TypeScriptParserMixin.parseFunction (C:\Users\eduar\Desktop\Madeira\app\node_modules\@babel\parser\lib\index.js:13479:12)
    at TypeScriptParserMixin.parseFunctionStatement (C:\Users\eduar\Desktop\Madeira\app\node_modules\@babel\parser\lib\index.js:13154:17)
    at TypeScriptParserMixin.parseStatementContent (C:\Users\eduar\Desktop\Madeira\app\node_modules\@babel\parser\lib\index.js:12820:21)
    at TypeScriptParserMixin.parseStatementContent (C:\Users\eduar\Desktop\Madeira\app\node_modules\@babel\parser\lib\index.js:9529:18)
    at TypeScriptParserMixin.parseStatementLike (C:\Users\eduar\Desktop\Madeira\app\node_modules\@babel\parser\lib\index.js:12796:17)
    at TypeScriptParserMixin.parseModuleItem (C:\Users\eduar\Desktop\Madeira\app\node_modules\@babel\parser\lib\index.js:12773:17)
    at TypeScriptParserMixin.parseBlockOrModuleBlockBody (C:\Users\eduar\Desktop\Madeira\app\node_modules\@babel\parser\lib\index.js:13345:36)
    at TypeScriptParserMixin.parseBlockBody (C:\Users\eduar\Desktop\Madeira\app\node_modules\@babel\parser\lib\index.js:13338:10)
    at TypeScriptParserMixin.parseProgram (C:\Users\eduar\Desktop\Madeira\app\node_modules\@babel\parser\lib\index.js:12651:10)
    at TypeScriptParserMixin.parseTopLevel (C:\Users\eduar\Desktop\Madeira\app\node_modules\@babel\parser\lib\index.js:12641:25)
    at TypeScriptParserMixin.parse (C:\Users\eduar\Desktop\Madeira\app\node_modules\@babel\parser\lib\index.js:14517:25)
    at TypeScriptParserMixin.parse (C:\Users\eduar\Desktop\Madeira\app\node_modules\@babel\parser\lib\index.js:10147:18)
    at parse (C:\Users\eduar\Desktop\Madeira\app\node_modules\@babel\parser\lib\index.js:14530:26)
    at parser (C:\Users\eduar\Desktop\Madeira\app\node_modules\@babel\core\lib\parser\index.js:41:34)
    at parser.next (<anonymous>)
    at normalizeFile (C:\Users\eduar\Desktop\Madeira\app\node_modules\@babel\core\lib\transformation\normalize-file.js:51:37)
    at normalizeFile.next (<anonymous>)
    at run (C:\Users\eduar\Desktop\Madeira\app\node_modules\@babel\core\lib\transformation\index.js:22:50)
    at run.next (<anonymous>)
    at transform (C:\Users\eduar\Desktop\Madeira\app\node_modules\@babel\core\lib\transform.js:22:33)
    at transform.next (<anonymous>)
    at evaluateSync (C:\Users\eduar\Desktop\Madeira\app\node_modules\gensync\index.js:251:28)
    at sync (C:\Users\eduar\Desktop\Madeira\app\node_modules\gensync\index.js:89:14)
    at stopHiding - secret - don't use this - v1 (C:\Users\eduar\Desktop\Madeira\app\node_modules\@babel\core\lib\errors\rewrite-stack-trace.js:47:12)
    at Object.transformSync (C:\Users\eduar\Desktop\Madeira\app\node_modules\@babel\core\lib\transform.js:40:76)
    at parseWithBabel (C:\Users\eduar\Desktop\Madeira\app\node_modules\@expo\metro-config\build\transformSync.js:75:18)
    at transformSync (C:\Users\eduar\Desktop\Madeira\app\node_modules\@expo\metro-config\build\transformSync.js:54:16)
    at Object.transform (C:\Users\eduar\Desktop\Madeira\app\node_modules\@expo\metro-config\build\babel-transformer.js:146:58)
    at transformJSWithBabel (C:\Users\eduar\Desktop\Madeira\app\node_modules\@expo\metro-config\build\transform-worker\metro-transform-worker.js:495:47)
    at Object.transform (C:\Users\eduar\Desktop\Madeira\app\node_modules\@expo\metro-config\build\transform-worker\metro-transform-worker.js:614:12)
    at Object.transform (C:\Users\eduar\Desktop\Madeira\app\node_modules\@expo\metro-config\build\transform-worker\transform-worker.js:179:19)
    at transformFile (C:\Users\eduar\Desktop\Madeira\app\node_modules\metro\src\DeltaBundler\Worker.flow.js:67:36)
    at Object.transform (C:\Users\eduar\Desktop\Madeira\app\node_modules\metro\src\DeltaBundler\Worker.flow.js:42:10)
    at execFunction (C:\Users\eduar\Desktop\Madeira\app\node_modules\jest-worker\build\workers\threadChild.js:167:17)
    at execHelper (C:\Users\eduar\Desktop\Madeira\app\node_modules\jest-worker\build\workers\threadChild.js:155:5)
    at execMethod (C:\Users\eduar\Desktop\Madeira\app\node_modules\jest-worker\build\workers\threadChild.js:158:5)
    at MessagePort.messageListener (C:\Users\eduar\Desktop\Madeira\app\node_modules\jest-worker\build\workers\threadChild.js:52:7)
    at [nodejs.internal.kHybridDispatch] (node:internal/event_target:843:20)
    at MessagePort.<anonymous> (node:internal/per_context/messageport:23:28)
 ERROR  SyntaxError: C:\Users\eduar\Desktop\Madeira\app\src\map\NativeMapScreen.tsx: Identifier 'px' has already been declared. (149:9)

  147 |  * a hairline, which is exactly how the first build looked.
  148 |  */
> 149 | function px(points: number): number {
      |          ^
  150 |   return points * PixelRatio.get();
  151 | }
  152 |
    at constructor (C:\Users\eduar\Desktop\Madeira\app\node_modules\@babel\parser\lib\index.js:369:19)
    at TypeScriptParserMixin.raise (C:\Users\eduar\Desktop\Madeira\app\node_modules\@babel\parser\lib\index.js:6620:19)
    at TypeScriptScopeHandler.checkRedeclarationInScope (C:\Users\eduar\Desktop\Madeira\app\node_modules\@babel\parser\lib\index.js:1623:19)
    at TypeScriptScopeHandler.declareName (C:\Users\eduar\Desktop\Madeira\app\node_modules\@babel\parser\lib\index.js:1589:12)
    at TypeScriptScopeHandler.declareName (C:\Users\eduar\Desktop\Madeira\app\node_modules\@babel\parser\lib\index.js:4896:11)
    at TypeScriptParserMixin.registerFunctionStatementId (C:\Users\eduar\Desktop\Madeira\app\node_modules\@babel\parser\lib\index.js:13495:16)
    at TypeScriptParserMixin.registerFunctionStatementId (C:\Users\eduar\Desktop\Madeira\app\node_modules\@babel\parser\lib\index.js:9199:13)
    at TypeScriptParserMixin.parseFunction (C:\Users\eduar\Desktop\Madeira\app\node_modules\@babel\parser\lib\index.js:13479:12)
    at TypeScriptParserMixin.parseFunctionStatement (C:\Users\eduar\Desktop\Madeira\app\node_modules\@babel\parser\lib\index.js:13154:17)
    at TypeScriptParserMixin.parseStatementContent (C:\Users\eduar\Desktop\Madeira\app\node_modules\@babel\parser\lib\index.js:12820:21)
    at TypeScriptParserMixin.parseStatementContent (C:\Users\eduar\Desktop\Madeira\app\node_modules\@babel\parser\lib\index.js:9529:18)
    at TypeScriptParserMixin.parseStatementLike (C:\Users\eduar\Desktop\Madeira\app\node_modules\@babel\parser\lib\index.js:12796:17)
    at TypeScriptParserMixin.parseModuleItem (C:\Users\eduar\Desktop\Madeira\app\node_modules\@babel\parser\lib\index.js:12773:17)
    at TypeScriptParserMixin.parseBlockOrModuleBlockBody (C:\Users\eduar\Desktop\Madeira\app\node_modules\@babel\parser\lib\index.js:13345:36)
    at TypeScriptParserMixin.parseBlockBody (C:\Users\eduar\Desktop\Madeira\app\node_modules\@babel\parser\lib\index.js:13338:10)
    at TypeScriptParserMixin.parseProgram (C:\Users\eduar\Desktop\Madeira\app\node_modules\@babel\parser\lib\index.js:12651:10)
    at TypeScriptParserMixin.parseTopLevel (C:\Users\eduar\Desktop\Madeira\app\node_modules\@babel\parser\lib\index.js:12641:25)
    at TypeScriptParserMixin.parse (C:\Users\eduar\Desktop\Madeira\app\node_modules\@babel\parser\lib\index.js:14517:25)
    at TypeScriptParserMixin.parse (C:\Users\eduar\Desktop\Madeira\app\node_modules\@babel\parser\lib\index.js:10147:18)
    at parse (C:\Users\eduar\Desktop\Madeira\app\node_modules\@babel\parser\lib\index.js:14530:26)
    at parser (C:\Users\eduar\Desktop\Madeira\app\node_modules\@babel\core\lib\parser\index.js:41:34)
    at parser.next (<anonymous>)
    at normalizeFile (C:\Users\eduar\Desktop\Madeira\app\node_modules\@babel\core\lib\transformation\normalize-file.js:51:37)
    at normalizeFile.next (<anonymous>)
    at run (C:\Users\eduar\Desktop\Madeira\app\node_modules\@babel\core\lib\transformation\index.js:22:50)
    at run.next (<anonymous>)
    at transform (C:\Users\eduar\Desktop\Madeira\app\node_modules\@babel\core\lib\transform.js:22:33)
    at transform.next (<anonymous>)
    at evaluateSync (C:\Users\eduar\Desktop\Madeira\app\node_modules\gensync\index.js:251:28)
    at sync (C:\Users\eduar\Desktop\Madeira\app\node_modules\gensync\index.js:89:14)
    at stopHiding - secret - don't use this - v1 (C:\Users\eduar\Desktop\Madeira\app\node_modules\@babel\core\lib\errors\rewrite-stack-trace.js:47:12)
    at Object.transformSync (C:\Users\eduar\Desktop\Madeira\app\node_modules\@babel\core\lib\transform.js:40:76)
    at parseWithBabel (C:\Users\eduar\Desktop\Madeira\app\node_modules\@expo\metro-config\build\transformSync.js:75:18)
    at transformSync (C:\Users\eduar\Desktop\Madeira\app\node_modules\@expo\metro-config\build\transformSync.js:54:16)
    at Object.transform (C:\Users\eduar\Desktop\Madeira\app\node_modules\@expo\metro-config\build\babel-transformer.js:146:58)
    at transformJSWithBabel (C:\Users\eduar\Desktop\Madeira\app\node_modules\@expo\metro-config\build\transform-worker\metro-transform-worker.js:495:47)
    at Object.transform (C:\Users\eduar\Desktop\Madeira\app\node_modules\@expo\metro-config\build\transform-worker\metro-transform-worker.js:614:12)
    at Object.transform (C:\Users\eduar\Desktop\Madeira\app\node_modules\@expo\metro-config\build\transform-worker\transform-worker.js:179:19)
    at transformFile (C:\Users\eduar\Desktop\Madeira\app\node_modules\metro\src\DeltaBundler\Worker.flow.js:67:36)
    at Object.transform (C:\Users\eduar\Desktop\Madeira\app\node_modules\metro\src\DeltaBundler\Worker.flow.js:42:10)
    at execFunction (C:\Users\eduar\Desktop\Madeira\app\node_modules\jest-worker\build\workers\threadChild.js:167:17)
    at execHelper (C:\Users\eduar\Desktop\Madeira\app\node_modules\jest-worker\build\workers\threadChild.js:155:5)
    at execMethod (C:\Users\eduar\Desktop\Madeira\app\node_modules\jest-worker\build\workers\threadChild.js:158:5)
    at MessagePort.messageListener (C:\Users\eduar\Desktop\Madeira\app\node_modules\jest-worker\build\workers\threadChild.js:52:7)
    at [nodejs.internal.kHybridDispatch] (node:internal/event_target:843:20)
    at MessagePort.<anonymous> (node:internal/per_context/messageport:23:28)
Android Bundled 40ms index.ts (1 module)
Android Bundled 2ms src\onboarding\permissionPolicy.ts (1 module)
Android Bundled 30ms src\storage\dao\tripDao.ts (1 module)
Android Bundled 38ms index.ts (1 module)
Android Bundled 2ms src\onboarding\permissionPolicy.ts (1 module)
Android Bundled 29ms src\storage\dao\tripDao.ts (1 module)
Android Bundled 40ms index.ts (1 module)
Android Bundled 2ms src\onboarding\permissionPolicy.ts (1 module)
Android Bundled 31ms src\storage\dao\tripDao.ts (1 module)
Android Bundled 48ms index.ts (1 module)
Android Bundled 3ms src\onboarding\permissionPolicy.ts (1 module)
Android Bundled 32ms src\storage\dao\tripDao.ts (1 module)
Android Bundled 38ms index.ts (1 module)
Android Bundled 2ms src\onboarding\permissionPolicy.ts (1 module)
Android Bundled 31ms src\storage\dao\tripDao.ts (1 module)
Android Bundled 37ms index.ts (1 module)
Android Bundled 2ms src\onboarding\permissionPolicy.ts (1 module)
Android Bundled 27ms src\storage\dao\tripDao.ts (1 module)
Android Bundled 38ms index.ts (1 module)
Android Bundled 2ms src\onboarding\permissionPolicy.ts (1 module)
Android Bundled 25ms src\storage\dao\tripDao.ts (1 module)
Android Bundled 70ms index.ts (1 module)
Android Bundled 2ms src\onboarding\permissionPolicy.ts (1 module)
Android Bundled 33ms src\storage\dao\tripDao.ts (1 module)
Android Bundled 46ms index.ts (1 module)
Android Bundled 2ms src\onboarding\permissionPolicy.ts (1 module)
Android Bundled 28ms src\storage\dao\tripDao.ts (1 module)
Android Bundled 43ms index.ts (1 module)
Android Bundled 2ms src\onboarding\permissionPolicy.ts (1 module)
Android Bundled 35ms src\storage\dao\tripDao.ts (1 module)
Android Bundled 39ms index.ts (1 module)
Android Bundled 3ms src\onboarding\permissionPolicy.ts (1 module)
Android Bundled 34ms src\storage\dao\tripDao.ts (1 module)
Android Bundled 38ms index.ts (1 module)
Android Bundled 2ms src\onboarding\permissionPolicy.ts (1 module)
Android Bundled 33ms src\storage\dao\tripDao.ts (1 module)
Android Bundled 641ms index.ts (1 module)
Android Bundled 4ms src\onboarding\permissionPolicy.ts (1 module)
Android Bundled 414ms src\storage\dao\tripDao.ts (1 module)
Android Bundled 35ms index.ts (1 module)
Android Bundled 2ms src\onboarding\permissionPolicy.ts (1 module)
Android Bundled 24ms src\storage\dao\tripDao.ts (1 module)
